DEBUG ]: Old rlimit: soft -> 1024, hard -> 524288
DEBUG ]: New rlimit: soft -> 524288, hard -> 524288
DEBUG ]: Creating the EventLoopManager!
DEBUG ]: Creating the KeybindManager!
DEBUG ]: Creating the AnimationManager!
DEBUG ]: Creating the DynamicPermissionManager!
DEBUG ]: Creating the MonitorState!
DEBUG ]: Creating the WorkspaceState!
DEBUG ]: Creating the ConfigManager!
DEBUG ]: [cfg] Regular config at /home/codebarre/.config/hypr/hyprland.lua
DEBUG ]: [cfg] Using lua config found at /home/codebarre/.config/hypr/hyprland.lua
DEBUG ]: Creating the Error Overlay!
DEBUG ]: Creating the LayoutManager!
DEBUG ]: Creating the TokenManager!
DEBUG ]: Creating the EventManager!
DEBUG ]: Disabling stdout logs (debug.enable_stdout_logs = 0). Further logs will be written to /run/user/1000/hypr/efb50993780079460b0cbed1363e2166a2de1d9f_1786179072_726024670/hyprland.log
DEBUG ]: Creating the PointerManager!
DEBUG ]: Creating the AsyncResourceGatherer!
DEBUG from aquamarine ]: Creating an Aquamarine backend!
DEBUG from aquamarine ]: [libseat] [libseat/backend/seatd.c:64] Could not connect to socket /run/seatd.sock: No such file or directory
DEBUG from aquamarine ]: [libseat] [libseat/libseat.c:76] Backend 'seatd' failed to open seat, skipping
DEBUG from aquamarine ]: [libseat] [libseat/libseat.c:73] Seat opened with backend 'logind'
DEBUG from aquamarine ]: [libinput] event8  - HD-Audio Generic HDMI/DP,pcm=3: is tagged by udev as: Switch
DEBUG from aquamarine ]: [libinput] event8  - not using input device '/dev/input/event8'
DEBUG from aquamarine ]: [libinput] event9  - HD-Audio Generic HDMI/DP,pcm=7: is tagged by udev as: Switch
DEBUG from aquamarine ]: [libinput] event9  - not using input device '/dev/input/event9'
DEBUG from aquamarine ]: [libinput] event10 - HD-Audio Generic HDMI/DP,pcm=8: is tagged by udev as: Switch
DEBUG from aquamarine ]: [libinput] event10 - not using input device '/dev/input/event10'
DEBUG from aquamarine ]: [libinput] event11 - HD-Audio Generic Headphone: is tagged by udev as: Switch
DEBUG from aquamarine ]: [libinput] event11 - not using input device '/dev/input/event11'
DEBUG from aquamarine ]: [libinput] event3  - Video Bus: is tagged by udev as: Keyboard
DEBUG from aquamarine ]: [libinput] event3  - Video Bus: device is a keyboard
DEBUG from aquamarine ]: [libinput] event0  - Lid Switch: is tagged by udev as: Switch
DEBUG from aquamarine ]: [libinput] event0  - Lid Switch: device is a switch device
DEBUG from aquamarine ]: [libinput] event6  - ASUF1209:00 2808:0219 Touchpad: is tagged by udev as: Touchpad
DEBUG from aquamarine ]: [libinput] event6  - thumb: enabled thumb detection (area)
DEBUG from aquamarine ]: [libinput] event6  - ASUF1209:00 2808:0219 Touchpad: device is a touchpad
DEBUG from aquamarine ]: [libinput] event6  - lid: activated for ASUF1209:00 2808:0219 Touchpad<->Lid Switch
DEBUG from aquamarine ]: [libinput] event5  - ASUF1209:00 2808:0219 Mouse: is tagged by udev as: Mouse
DEBUG from aquamarine ]: [libinput] event5  - ASUF1209:00 2808:0219 Mouse: device is a pointer
DEBUG from aquamarine ]: [libinput] event1  - Power Button: is tagged by udev as: Keyboard
DEBUG from aquamarine ]: [libinput] event1  - Power Button: device is a keyboard
DEBUG from aquamarine ]: [libinput] event7  - Asus WMI hotkeys: is tagged by udev as: Keyboard
DEBUG from aquamarine ]: [libinput] event7  - Asus WMI hotkeys: device is a keyboard
DEBUG from aquamarine ]: [libinput] event2  - AT Translated Set 2 keyboard: is tagged by udev as: Keyboard
DEBUG from aquamarine ]: [libinput] event2  - AT Translated Set 2 keyboard: device is a keyboard
DEBUG from aquamarine ]: [libinput] event0  - lid: keyboard paired with Lid Switch<->AT Translated Set 2 keyboard
DEBUG from aquamarine ]: [libinput] event6  - palm: dwt activated with ASUF1209:00 2808:0219 Touchpad<->AT Translated Set 2 keyboard
DEBUG from aquamarine ]: [libinput] event4  - PC Speaker: not tagged as supported input device
DEBUG from aquamarine ]: [libinput] event4  - not using input device '/dev/input/event4'
DEBUG from aquamarine ]: drm: Enumerated device /sys/devices/pci0000:00/0000:00:08.1/0000:c3:00.0/drm/card1
DEBUG from aquamarine ]: libseat: Device /dev/dri/card1 supports kms
DEBUG from aquamarine ]: drm: Found 1 GPUs
DEBUG from aquamarine ]: drm: Starting backend for /dev/dri/card1, with driver amdgpu
DEBUG from aquamarine ]: drm: Registered gpu /dev/dri/card1
DEBUG from aquamarine ]: drm: Atomic supported, using atomic for modesetting
DEBUG from aquamarine ]: drm: drmProps.supportsAsyncCommit: true
DEBUG from aquamarine ]: drm: drmProps.supportsAddFb2Modifiers: true
DEBUG from aquamarine ]: drm: drmProps.supportsTimelines: true
DEBUG from aquamarine ]: drm: found 4 CRTCs
DEBUG from aquamarine ]: drm: Plane 44 has type 1
DEBUG from aquamarine ]: drm: Plane 44 has 20 formats
DEBUG from aquamarine ]: drm: Plane: checking for modifiers
DEBUG from aquamarine ]: drm: Plane 97 has type 1
DEBUG from aquamarine ]: drm: Plane 97 has 20 formats
DEBUG from aquamarine ]: drm: Plane: checking for modifiers
DEBUG from aquamarine ]: drm: Plane 150 has type 1
DEBUG from aquamarine ]: drm: Plane 150 has 20 formats
DEBUG from aquamarine ]: drm: Plane: checking for modifiers
DEBUG from aquamarine ]: drm: Plane 203 has type 1
DEBUG from aquamarine ]: drm: Plane 203 has 20 formats
DEBUG from aquamarine ]: drm: Plane: checking for modifiers
DEBUG from aquamarine ]: drm: Plane 256 has type 0
DEBUG from aquamarine ]: drm: Plane 256 has 20 formats
DEBUG from aquamarine ]: drm: Plane: checking for modifiers
DEBUG from aquamarine ]: drm: Plane 311 has type 0
DEBUG from aquamarine ]: drm: Plane 311 has 20 formats
DEBUG from aquamarine ]: drm: Plane: checking for modifiers
DEBUG from aquamarine ]: drm: Plane 366 has type 0
DEBUG from aquamarine ]: drm: Plane 366 has 20 formats
DEBUG from aquamarine ]: drm: Plane: checking for modifiers
DEBUG from aquamarine ]: drm: Plane 421 has type 2
DEBUG from aquamarine ]: drm: Plane 421 has 1 formats
DEBUG from aquamarine ]: drm: Plane: checking for modifiers
DEBUG from aquamarine ]: drm: Plane 425 has type 2
DEBUG from aquamarine ]: drm: Plane 425 has 1 formats
DEBUG from aquamarine ]: drm: Plane: checking for modifiers
DEBUG from aquamarine ]: drm: Plane 429 has type 2
DEBUG from aquamarine ]: drm: Plane 429 has 1 formats
DEBUG from aquamarine ]: drm: Plane: checking for modifiers
DEBUG from aquamarine ]: drm: Plane 433 has type 2
DEBUG from aquamarine ]: drm: Plane 433 has 1 formats
DEBUG from aquamarine ]: drm: Plane: checking for modifiers
DEBUG from aquamarine ]: drm: Basic init pass for gpu /dev/dri/card1
DEBUG from aquamarine ]: drm: Scanning connectors for /dev/dri/card1
DEBUG from aquamarine ]: drm: Scanning connector id 438
DEBUG from aquamarine ]: drm: Initializing connector id 438
DEBUG from aquamarine ]: drm: Connector gets name eDP-1
DEBUG from aquamarine ]: drm: Connector 438 connection state: 1
DEBUG from aquamarine ]: drm: Scanning connector id 446
DEBUG from aquamarine ]: drm: Initializing connector id 446
DEBUG from aquamarine ]: drm: Connector gets name HDMI-A-1
ERR from aquamarine ]: drm: getCurrentCRTC: No CRTC 0
DEBUG from aquamarine ]: drm: Connector 446 connection state: 2
DEBUG from aquamarine ]: drm: Scanning connector id 453
DEBUG from aquamarine ]: drm: Initializing connector id 453
DEBUG from aquamarine ]: drm: Connector gets name DP-1
ERR from aquamarine ]: drm: getCurrentCRTC: No CRTC 0
DEBUG from aquamarine ]: drm: Connector 453 connection state: 2
DEBUG from aquamarine ]: drm: Scanning connector id 460
DEBUG from aquamarine ]: drm: Initializing connector id 460
DEBUG from aquamarine ]: drm: Connector gets name DP-2
ERR from aquamarine ]: drm: getCurrentCRTC: No CRTC 0
DEBUG from aquamarine ]: drm: Connector 460 connection state: 2
DEBUG from aquamarine ]: drm: Scanning connector id 466
DEBUG from aquamarine ]: drm: Initializing connector id 466
DEBUG from aquamarine ]: drm: Connector gets name DP-3
ERR from aquamarine ]: drm: getCurrentCRTC: No CRTC 0
DEBUG from aquamarine ]: drm: Connector 466 connection state: 2
DEBUG from aquamarine ]: drm: Scanning connector id 472
DEBUG from aquamarine ]: drm: Initializing connector id 472
DEBUG from aquamarine ]: drm: Connector gets name DP-4
ERR from aquamarine ]: drm: getCurrentCRTC: No CRTC 0
DEBUG from aquamarine ]: drm: Connector 472 connection state: 2
DEBUG from aquamarine ]: drm: Scanning connector id 478
DEBUG from aquamarine ]: drm: Initializing connector id 478
DEBUG from aquamarine ]: drm: Connector gets name DP-5
ERR from aquamarine ]: drm: getCurrentCRTC: No CRTC 0
DEBUG from aquamarine ]: drm: Connector 478 connection state: 2
DEBUG from aquamarine ]: drm: Scanning connector id 484
DEBUG from aquamarine ]: drm: Initializing connector id 484
DEBUG from aquamarine ]: drm: Connector gets name DP-6
ERR from aquamarine ]: drm: getCurrentCRTC: No CRTC 0
DEBUG from aquamarine ]: drm: Connector 484 connection state: 2
DEBUG from aquamarine ]: drm: Scanning connector id 490
DEBUG from aquamarine ]: drm: Initializing connector id 490
DEBUG from aquamarine ]: drm: Connector gets name DP-7
ERR from aquamarine ]: drm: getCurrentCRTC: No CRTC 0
DEBUG from aquamarine ]: drm: Connector 490 connection state: 2
DEBUG from aquamarine ]: drm: Rechecking CRTCs
DEBUG from aquamarine ]: drm: Skipping connector eDP-1, has crtc 424 and is connected
DEBUG from aquamarine ]: drm: connector HDMI-A-1, has crtc -1, will be rechecked
DEBUG from aquamarine ]: drm: connector DP-1, has crtc -1, will be rechecked
DEBUG from aquamarine ]: drm: connector DP-2, has crtc -1, will be rechecked
DEBUG from aquamarine ]: drm: connector DP-3, has crtc -1, will be rechecked
DEBUG from aquamarine ]: drm: connector DP-4, has crtc -1, will be rechecked
DEBUG from aquamarine ]: drm: connector DP-5, has crtc -1, will be rechecked
DEBUG from aquamarine ]: drm: connector DP-6, has crtc -1, will be rechecked
DEBUG from aquamarine ]: drm: connector DP-7, has crtc -1, will be rechecked
DEBUG from aquamarine ]: drm: slot 0 crtc 424 taken by eDP-1, skipping
DEBUG from aquamarine ]: drm: slot 1 crtc 428 unassigned
DEBUG from aquamarine ]: drm: slot 2 crtc 432 unassigned
DEBUG from aquamarine ]: drm: slot 3 crtc 436 unassigned
DEBUG from aquamarine ]: drm: Connector eDP-1 connected
DEBUG from aquamarine ]: drm: Connecting connector eDP-1, CRTC ID 424
DEBUG from aquamarine ]: drm: Dumping detected modes:
DEBUG from aquamarine ]: drm: Mode 0: 2880x1800@120.00Hz  (preferred)
DEBUG from aquamarine ]: drm: Mode 1: 2880x1800@60.00Hz  (preferred)
DEBUG from aquamarine ]: drm: Mode 2: 1920x1200@120.00Hz 
DEBUG from aquamarine ]: drm: Mode 3: 1920x1080@120.00Hz 
DEBUG from aquamarine ]: drm: Mode 4: 1600x1200@120.00Hz 
DEBUG from aquamarine ]: drm: Mode 5: 1680x1050@120.00Hz 
DEBUG from aquamarine ]: drm: Mode 6: 1280x1024@120.00Hz 
DEBUG from aquamarine ]: drm: Mode 7: 1440x900@120.00Hz 
DEBUG from aquamarine ]: drm: Mode 8: 1280x800@120.00Hz 
DEBUG from aquamarine ]: drm: Mode 9: 1280x720@120.00Hz 
DEBUG from aquamarine ]: drm: Mode 10: 1024x768@120.00Hz 
DEBUG from aquamarine ]: drm: Mode 11: 800x600@120.00Hz 
DEBUG from aquamarine ]: drm: Mode 12: 640x480@120.00Hz 
DEBUG from aquamarine ]: drm: Physical size [Vector2D: x: 340, y: 220] (mm)
WARN from aquamarine ]: FIXME: support displayid blocks
DEBUG from aquamarine ]: drm: Description Samsung Display Corp. ATNA60CL10-0   (eDP-1)
DEBUG from aquamarine ]: drm: connector eDP-1 crtc is capable of vrr: props.vrr_capable -> 441, crtc->props.vrr_enabled -> 25
DEBUG from aquamarine ]: drm: Explicit sync supported
DEBUG from aquamarine ]: drm: connector eDP-1 crtc supports CTM
DEBUG from aquamarine ]: drm: connector eDP-1 crtc supports HDR (8)
DEBUG from aquamarine ]: drm: connector eDP-1 crtc supports Colorspace (440)
DEBUG from aquamarine ]: drm: gpu /dev/dri/card1 becomes primary drm
DEBUG from aquamarine ]: DRM Dumb: created a dumb allocator
DEBUG from aquamarine ]: Starting the Aquamarine backend!
DEBUG from aquamarine ]: Starting the Wayland backend!
ERR from aquamarine ]: Wayland backend cannot start: wl_display_connect failed (is a wayland compositor running?)
ERR from aquamarine ]: Requested backend (wayland) could not start, enabling fallbacks
ERR from aquamarine ]: Implementation wayland failed, erasing.
DEBUG from aquamarine ]: Created a GBM allocator with drm fd 30
DEBUG from aquamarine ]: drm: Connectors size2 9
DEBUG from aquamarine ]: Created a GBM allocator with drm fd 33
DEBUG from aquamarine ]: Supported EGL client extensions: (16) EGL_EXT_device_base EGL_EXT_device_enumeration EGL_EXT_device_query EGL_EXT_platform_base EGL_KHR_client_get_all_proc_addresses EGL_EXT_client_extensions EGL_KHR_debug EGL_EXT_platform_device EGL_EXT_explicit_device EGL_EXT_platform_wayland EGL_KHR_platform_wayland EGL_EXT_platform_x11 EGL_KHR_platform_x11 EGL_EXT_platform_xcb EGL_MESA_platform_gbm EGL_KHR_platform_gbm EGL_MESA_platform_surfaceless
DEBUG from aquamarine ]: CDRMRenderer(drm): Using device /dev/dri/card1
DEBUG from aquamarine ]: CDRMRenderer: IMG_context_priority supported, requesting high
DEBUG from aquamarine ]: CDRMRenderer: EXT_create_context_robustness supported, requesting lose on reset
DEBUG from aquamarine ]: CDRMRenderer: Using KHR_context_flush_control
DEBUG from aquamarine ]: CDRMRenderer: Got a high priority context
DEBUG from aquamarine ]: Creating CDRMRenderer on gpu /dev/dri/renderD128
DEBUG from aquamarine ]: Using: OpenGL ES 3.2 Mesa 26.1.6-arch1.1
DEBUG from aquamarine ]: Vendor: AMD
DEBUG from aquamarine ]: Renderer: AMD Radeon 890M Graphics (radeonsi, strix1, ACO, DRM 3.64, 7.1.6-zen1-1-zen)
DEBUG from aquamarine ]: Supported context extensions: (164) GL_EXT_blend_minmax GL_EXT_multi_draw_arrays GL_EXT_texture_filter_anisotropic GL_EXT_texture_compression_s3tc GL_EXT_texture_compression_dxt1 GL_EXT_texture_compression_rgtc GL_EXT_texture_format_BGRA8888 GL_OES_compressed_ETC1_RGB8_texture GL_OES_depth24 GL_OES_element_index_uint GL_OES_fbo_render_mipmap GL_OES_mapbuffer GL_OES_rgb8_rgba8 GL_OES_standard_derivatives GL_OES_stencil8 GL_OES_texture_3D GL_OES_texture_float GL_OES_texture_float_linear GL_OES_texture_half_float GL_OES_texture_half_float_linear GL_OES_texture_npot GL_OES_vertex_half_float GL_EXT_draw_instanced GL_EXT_texture_sRGB_decode GL_OES_EGL_image GL_OES_depth_texture GL_OES_packed_depth_stencil GL_EXT_texture_type_2_10_10_10_REV GL_NV_conditional_render GL_OES_get_program_binary GL_APPLE_texture_max_level GL_EXT_discard_framebuffer GL_EXT_read_format_bgra GL_EXT_texture_storage GL_NV_pack_subimage GL_NV_texture_barrier GL_EXT_frag_depth GL_NV_fbo_color_attachments GL_OES_EGL_image_external GL_OES_EGL_sync GL_OES_vertex_array_object GL_OES_viewport_array GL_ANGLE_pack_reverse_row_order GL_ANGLE_texture_compression_dxt3 GL_ANGLE_texture_compression_dxt5 GL_EXT_occlusion_query_boolean GL_EXT_robustness GL_EXT_sRGB GL_EXT_texture_rg GL_EXT_unpack_subimage GL_NV_draw_buffers GL_NV_read_buffer GL_NV_read_depth GL_NV_read_depth_stencil GL_NV_read_stencil GL_APPLE_sync GL_EXT_draw_buffers GL_EXT_instanced_arrays GL_EXT_map_buffer_range GL_EXT_shadow_samplers GL_KHR_debug GL_KHR_robustness GL_KHR_texture_compression_astc_ldr GL_NV_generate_mipmap_sRGB GL_NV_pixel_buffer_object GL_OES_depth_texture_cube_map GL_OES_required_internalformat GL_OES_surfaceless_context GL_EXT_color_buffer_float GL_EXT_debug_label GL_EXT_sRGB_write_control GL_EXT_separate_shader_objects GL_EXT_shader_group_vote GL_EXT_shader_implicit_conversions GL_EXT_shader_integer_mix GL_EXT_tessellation_point_size GL_EXT_tessellation_shader GL_ANDROID_extension_pack_es31a GL_EXT_base_instance GL_EXT_compressed_ETC1_RGB8_sub_texture GL_EXT_copy_image GL_EXT_draw_buffers_indexed GL_EXT_draw_elements_base_vertex GL_EXT_gpu_shader5 GL_EXT_multi_draw_indirect GL_EXT_polygon_offset_clamp GL_EXT_primitive_bounding_box GL_EXT_render_snorm GL_EXT_shader_io_blocks GL_EXT_texture_border_clamp GL_EXT_texture_buffer GL_EXT_texture_cube_map_array GL_EXT_texture_norm16 GL_EXT_texture_view GL_KHR_blend_equation_advanced GL_KHR_context_flush_control GL_KHR_robust_buffer_access_behavior GL_NV_image_formats GL_NV_shader_noperspective_interpolation GL_OES_copy_image GL_OES_draw_buffers_indexed GL_OES_draw_elements_base_vertex GL_OES_gpu_shader5 GL_OES_primitive_bounding_box GL_OES_sample_shading GL_OES_sample_variables GL_OES_shader_io_blocks GL_OES_shader_multisample_interpolation GL_OES_tessellation_point_size GL_OES_tessellation_shader GL_OES_texture_border_clamp GL_OES_texture_buffer GL_OES_texture_cube_map_array GL_OES_texture_stencil8 GL_OES_texture_storage_multisample_2d_array GL_OES_texture_view GL_EXT_blend_func_extended GL_EXT_buffer_storage GL_EXT_float_blend GL_EXT_geometry_point_size GL_EXT_geometry_shader GL_EXT_texture_filter_minmax GL_EXT_texture_sRGB_R8 GL_EXT_texture_sRGB_RG8 GL_KHR_no_error GL_KHR_texture_compression_astc_sliced_3d GL_OES_EGL_image_external_essl3 GL_OES_geometry_point_size GL_OES_geometry_shader GL_OES_shader_image_atomic GL_EXT_clear_texture GL_EXT_clip_cull_distance GL_EXT_conservative_depth GL_EXT_disjoint_timer_query GL_EXT_texture_compression_s3tc_srgb GL_EXT_window_rectangles GL_MESA_shader_integer_functions GL_EXT_clip_control GL_EXT_color_buffer_half_float GL_EXT_memory_object GL_EXT_memory_object_fd GL_EXT_semaphore GL_EXT_semaphore_fd GL_EXT_texture_compression_bptc GL_EXT_texture_mirror_clamp_to_edge GL_KHR_parallel_shader_compile GL_NV_alpha_to_coverage_dither_control GL_EXT_EGL_image_storage GL_EXT_texture_shadow_lod GL_INTEL_blackhole_render GL_MESA_framebuffer_flip_y GL_NV_compute_shader_derivatives GL_EXT_demote_to_helper_invocation GL_EXT_depth_clamp GL_EXT_texture_query_lod GL_KHR_shader_subgroup GL_MESA_sampler_objects GL_NV_timeline_semaphore GL_EXT_EGL_image_storage_compression GL_EXT_texture_storage_compression GL_MESA_bgra GL_MESA_texture_const_bandwidth GL_EXT_mesh_shader GL_EXT_shader_clock 
DEBUG from aquamarine ]: drm: onReady: connector 438
DEBUG from aquamarine ]: drm: onReady: connector 438 has output name eDP-1
DEBUG from aquamarine ]: Swapchain: Clearing
DEBUG from aquamarine ]: drm: onReady: connector 446
DEBUG from aquamarine ]: drm: onReady: connector 453
DEBUG from aquamarine ]: drm: onReady: connector 460
DEBUG from aquamarine ]: drm: onReady: connector 466
DEBUG from aquamarine ]: drm: onReady: connector 472
DEBUG from aquamarine ]: drm: onReady: connector 478
DEBUG from aquamarine ]: drm: onReady: connector 484
DEBUG from aquamarine ]: drm: onReady: connector 490
DEBUG from aquamarine ]: Supported EGL client extensions: (16) EGL_EXT_device_base EGL_EXT_device_enumeration EGL_EXT_device_query EGL_EXT_platform_base EGL_KHR_client_get_all_proc_addresses EGL_EXT_client_extensions EGL_KHR_debug EGL_EXT_platform_device EGL_EXT_explicit_device EGL_EXT_platform_wayland EGL_KHR_platform_wayland EGL_EXT_platform_x11 EGL_KHR_platform_x11 EGL_EXT_platform_xcb EGL_MESA_platform_gbm EGL_KHR_platform_gbm EGL_MESA_platform_surfaceless
DEBUG from aquamarine ]: CDRMRenderer(drm): Using device /dev/dri/card1
DEBUG from aquamarine ]: CDRMRenderer: IMG_context_priority supported, requesting high
DEBUG from aquamarine ]: CDRMRenderer: EXT_create_context_robustness supported, requesting lose on reset
DEBUG from aquamarine ]: CDRMRenderer: Using KHR_context_flush_control
DEBUG from aquamarine ]: CDRMRenderer: Got a high priority context
DEBUG from aquamarine ]: Creating CDRMRenderer on gpu /dev/dri/renderD128
DEBUG from aquamarine ]: Using: OpenGL ES 3.2 Mesa 26.1.6-arch1.1
DEBUG from aquamarine ]: Vendor: AMD
DEBUG from aquamarine ]: Renderer: AMD Radeon 890M Graphics (radeonsi, strix1, ACO, DRM 3.64, 7.1.6-zen1-1-zen)
DEBUG from aquamarine ]: Supported context extensions: (164) GL_EXT_blend_minmax GL_EXT_multi_draw_arrays GL_EXT_texture_filter_anisotropic GL_EXT_texture_compression_s3tc GL_EXT_texture_compression_dxt1 GL_EXT_texture_compression_rgtc GL_EXT_texture_format_BGRA8888 GL_OES_compressed_ETC1_RGB8_texture GL_OES_depth24 GL_OES_element_index_uint GL_OES_fbo_render_mipmap GL_OES_mapbuffer GL_OES_rgb8_rgba8 GL_OES_standard_derivatives GL_OES_stencil8 GL_OES_texture_3D GL_OES_texture_float GL_OES_texture_float_linear GL_OES_texture_half_float GL_OES_texture_half_float_linear GL_OES_texture_npot GL_OES_vertex_half_float GL_EXT_draw_instanced GL_EXT_texture_sRGB_decode GL_OES_EGL_image GL_OES_depth_texture GL_OES_packed_depth_stencil GL_EXT_texture_type_2_10_10_10_REV GL_NV_conditional_render GL_OES_get_program_binary GL_APPLE_texture_max_level GL_EXT_discard_framebuffer GL_EXT_read_format_bgra GL_EXT_texture_storage GL_NV_pack_subimage GL_NV_texture_barrier GL_EXT_frag_depth GL_NV_fbo_color_attachments GL_OES_EGL_image_external GL_OES_EGL_sync GL_OES_vertex_array_object GL_OES_viewport_array GL_ANGLE_pack_reverse_row_order GL_ANGLE_texture_compression_dxt3 GL_ANGLE_texture_compression_dxt5 GL_EXT_occlusion_query_boolean GL_EXT_robustness GL_EXT_sRGB GL_EXT_texture_rg GL_EXT_unpack_subimage GL_NV_draw_buffers GL_NV_read_buffer GL_NV_read_depth GL_NV_read_depth_stencil GL_NV_read_stencil GL_APPLE_sync GL_EXT_draw_buffers GL_EXT_instanced_arrays GL_EXT_map_buffer_range GL_EXT_shadow_samplers GL_KHR_debug GL_KHR_robustness GL_KHR_texture_compression_astc_ldr GL_NV_generate_mipmap_sRGB GL_NV_pixel_buffer_object GL_OES_depth_texture_cube_map GL_OES_required_internalformat GL_OES_surfaceless_context GL_EXT_color_buffer_float GL_EXT_debug_label GL_EXT_sRGB_write_control GL_EXT_separate_shader_objects GL_EXT_shader_group_vote GL_EXT_shader_implicit_conversions GL_EXT_shader_integer_mix GL_EXT_tessellation_point_size GL_EXT_tessellation_shader GL_ANDROID_extension_pack_es31a GL_EXT_base_instance GL_EXT_compressed_ETC1_RGB8_sub_texture GL_EXT_copy_image GL_EXT_draw_buffers_indexed GL_EXT_draw_elements_base_vertex GL_EXT_gpu_shader5 GL_EXT_multi_draw_indirect GL_EXT_polygon_offset_clamp GL_EXT_primitive_bounding_box GL_EXT_render_snorm GL_EXT_shader_io_blocks GL_EXT_texture_border_clamp GL_EXT_texture_buffer GL_EXT_texture_cube_map_array GL_EXT_texture_norm16 GL_EXT_texture_view GL_KHR_blend_equation_advanced GL_KHR_context_flush_control GL_KHR_robust_buffer_access_behavior GL_NV_image_formats GL_NV_shader_noperspective_interpolation GL_OES_copy_image GL_OES_draw_buffers_indexed GL_OES_draw_elements_base_vertex GL_OES_gpu_shader5 GL_OES_primitive_bounding_box GL_OES_sample_shading GL_OES_sample_variables GL_OES_shader_io_blocks GL_OES_shader_multisample_interpolation GL_OES_tessellation_point_size GL_OES_tessellation_shader GL_OES_texture_border_clamp GL_OES_texture_buffer GL_OES_texture_cube_map_array GL_OES_texture_stencil8 GL_OES_texture_storage_multisample_2d_array GL_OES_texture_view GL_EXT_blend_func_extended GL_EXT_buffer_storage GL_EXT_float_blend GL_EXT_geometry_point_size GL_EXT_geometry_shader GL_EXT_texture_filter_minmax GL_EXT_texture_sRGB_R8 GL_EXT_texture_sRGB_RG8 GL_KHR_no_error GL_KHR_texture_compression_astc_sliced_3d GL_OES_EGL_image_external_essl3 GL_OES_geometry_point_size GL_OES_geometry_shader GL_OES_shader_image_atomic GL_EXT_clear_texture GL_EXT_clip_cull_distance GL_EXT_conservative_depth GL_EXT_disjoint_timer_query GL_EXT_texture_compression_s3tc_srgb GL_EXT_window_rectangles GL_MESA_shader_integer_functions GL_EXT_clip_control GL_EXT_color_buffer_half_float GL_EXT_memory_object GL_EXT_memory_object_fd GL_EXT_semaphore GL_EXT_semaphore_fd GL_EXT_texture_compression_bptc GL_EXT_texture_mirror_clamp_to_edge GL_KHR_parallel_shader_compile GL_NV_alpha_to_coverage_dither_control GL_EXT_EGL_image_storage GL_EXT_texture_shadow_lod GL_INTEL_blackhole_render GL_MESA_framebuffer_flip_y GL_NV_compute_shader_derivatives GL_EXT_demote_to_helper_invocation GL_EXT_depth_clamp GL_EXT_texture_query_lod GL_KHR_shader_subgroup GL_MESA_sampler_objects GL_NV_timeline_semaphore GL_EXT_EGL_image_storage_compression GL_EXT_texture_storage_compression GL_MESA_bgra GL_MESA_texture_const_bandwidth GL_EXT_mesh_shader GL_EXT_shader_clock 
DEBUG from aquamarine ]: GBM: Allocated a new buffer with size [Vector2D: x: 2880, y: 1800] and format XR24 with modifier 0x200000010437b04 : GFX11,64KB_R_X,PIPE_XOR_BITS=2,PACKERS=2,DCC,DCC_MAX_COMPRESSED_BLOCK=64B,DCC_INDEPENDENT_64B,DCC_INDEPENDENT_128B,DCC_RETILE
DEBUG from aquamarine ]: GBM: Allocated a new buffer with size [Vector2D: x: 2880, y: 1800] and format XR24 with modifier 0x200000010437b04 : GFX11,64KB_R_X,PIPE_XOR_BITS=2,PACKERS=2,DCC,DCC_MAX_COMPRESSED_BLOCK=64B,DCC_INDEPENDENT_64B,DCC_INDEPENDENT_128B,DCC_RETILE
DEBUG from aquamarine ]: GBM: Allocated a new buffer with size [Vector2D: x: 2880, y: 1800] and format XR24 with modifier 0x200000010437b04 : GFX11,64KB_R_X,PIPE_XOR_BITS=2,PACKERS=2,DCC,DCC_MAX_COMPRESSED_BLOCK=64B,DCC_INDEPENDENT_64B,DCC_INDEPENDENT_128B,DCC_RETILE
DEBUG from aquamarine ]: Swapchain: Reconfigured a swapchain to [Vector2D: x: 2880, y: 1800] XR24 of length 3
DEBUG from aquamarine ]: drm: Modesetting eDP-1 with 2880x1800@120.00Hz
DEBUG from aquamarine ]: GBM: Automatically selected format AR24 for new GBM buffer
DEBUG from aquamarine ]: GBM: Allocated a new buffer with size [Vector2D: x: 256, y: 256] and format AR24 with modifier 0x0 : LINEAR
DEBUG from aquamarine ]: GBM: Automatically selected format AR24 for new GBM buffer
DEBUG from aquamarine ]: GBM: Allocated a new buffer with size [Vector2D: x: 256, y: 256] and format AR24 with modifier 0x0 : LINEAR
DEBUG from aquamarine ]: Swapchain: Reconfigured a swapchain to [Vector2D: x: 256, y: 256] AR24 of length 2
DEBUG from aquamarine ]: drm: Cursor buffer imported into KMS with id 507
ERR from aquamarine ]: drm: Cannot commit when a page-flip is awaiting
ERR from aquamarine ]: drm: Cannot commit when a page-flip is awaiting
DEBUG from aquamarine ]: backend: poll fd 13 for implementation headless
DEBUG from aquamarine ]: backend: poll fd 28 for implementation drm
DEBUG from aquamarine ]: backend: poll fd 14 for session
DEBUG from aquamarine ]: backend: poll fd 16 for session
DEBUG from aquamarine ]: backend: poll fd 17 for session
DEBUG from aquamarine ]: backend: poll fd 29 for idle
DEBUG from aquamarine ]: udev: new udev change event for card1
DEBUG from aquamarine ]: udev: DRM device card1 changed
DEBUG from aquamarine ]: drm: Got a lease event for /dev/dri/card1
DEBUG from aquamarine ]: [libinput] event6  - ASUF1209:00 2808:0219 Touchpad: SYN_DROPPED event - some input events have been lost.
DEBUG from aquamarine ]: [libinput] event6  - palm: touch 0 (TOUCH_BEGIN), palm detected (edge)
DEBUG from aquamarine ]: [libinput] event6  - button state: touch 0 from BUTTON_STATE_NONE    event BUTTON_EVENT_IN_AREA     to BUTTON_STATE_AREA   
DEBUG from aquamarine ]: libinput: New device Video Bus: 0-6
DEBUG from aquamarine ]: libinput: New device Lid Switch: 0-5
DEBUG from aquamarine ]: libinput: New device ASUF1209:00 2808:0219 Touchpad: 10248-537
DEBUG from aquamarine ]: libinput: New device ASUF1209:00 2808:0219 Mouse: 10248-537
DEBUG from aquamarine ]: libinput: New device Power Button: 0-1
DEBUG from aquamarine ]: libinput: New device Asus WMI hotkeys: 0-0
DEBUG from aquamarine ]: libinput: New device AT Translated Set 2 keyboard: 1-1
DEBUG from aquamarine ]: [libinput] event6  - button state: touch 0 from BUTTON_STATE_AREA    event BUTTON_EVENT_UP          to BUTTON_STATE_NONE   
DEBUG from aquamarine ]: [libinput] event6  - palm: touch 0 (TOUCH_BEGIN), palm detected (edge)
DEBUG from aquamarine ]: [libinput] event6  - button state: touch 0 from BUTTON_STATE_NONE    event BUTTON_EVENT_IN_AREA     to BUTTON_STATE_AREA   
DEBUG from aquamarine ]: [libinput] event6  - button state: touch 0 from BUTTON_STATE_AREA    event BUTTON_EVENT_UP          to BUTTON_STATE_NONE   
DEBUG from aquamarine ]: [libinput] event6  - button state: touch 0 from BUTTON_STATE_NONE    event BUTTON_EVENT_IN_AREA     to BUTTON_STATE_AREA   
DEBUG from aquamarine ]: [libinput] event6  - tap: touch 0 (TOUCH_BEGIN), tap state TAP_STATE_IDLE → TAP_EVENT_TOUCH → TAP_STATE_TOUCH
DEBUG from aquamarine ]: [libinput] event6  - gesture: [1fg] event GESTURE_STATE_NONE → GESTURE_EVENT_FINGER_DETECTED → GESTURE_STATE_UNKNOWN
DEBUG from aquamarine ]: [libinput] event6  - gesture: [1fg] state GESTURE_STATE_NONE → GESTURE_STATE_UNKNOWN
DEBUG from aquamarine ]: [libinput] event6  - gesture: [1fg] event GESTURE_STATE_UNKNOWN → GESTURE_EVENT_HOLD_TIMEOUT → GESTURE_STATE_HOLD
DEBUG from aquamarine ]: [libinput] event6  - tap: touch 0 (TOUCH_UPDATE), tap state TAP_STATE_TOUCH → TAP_EVENT_MOTION → TAP_STATE_DEAD
DEBUG from aquamarine ]: [libinput] event6  - gesture: [1fg] event GESTURE_STATE_HOLD → GESTURE_EVENT_CANCEL → GESTURE_STATE_NONE
DEBUG from aquamarine ]: [libinput] event6  - gesture: [1fg] event GESTURE_STATE_HOLD → GESTURE_EVENT_POINTER_MOTION_START → GESTURE_STATE_POINTER_MOTION
DEBUG from aquamarine ]: [libinput] event6  - gesture: [1fg] state GESTURE_STATE_HOLD → GESTURE_STATE_POINTER_MOTION
DEBUG from aquamarine ]: drm: Cursor buffer imported into KMS with id 516
DEBUG from aquamarine ]: [libinput] event6  - button state: touch 0 from BUTTON_STATE_AREA    event BUTTON_EVENT_UP          to BUTTON_STATE_NONE   
DEBUG from aquamarine ]: [libinput] event6  - gesture: [1fg] event GESTURE_STATE_POINTER_MOTION → GESTURE_EVENT_END → GESTURE_STATE_NONE
DEBUG from aquamarine ]: [libinput] event6  - tap: touch 0 (TOUCH_END), tap state TAP_STATE_DEAD → TAP_EVENT_RELEASE → TAP_STATE_IDLE
DEBUG from aquamarine ]: [libinput] event6  - button state: touch 0 from BUTTON_STATE_NONE    event BUTTON_EVENT_IN_AREA     to BUTTON_STATE_AREA   
DEBUG from aquamarine ]: [libinput] event6  - tap: touch 0 (TOUCH_BEGIN), tap state TAP_STATE_IDLE → TAP_EVENT_TOUCH → TAP_STATE_TOUCH
DEBUG from aquamarine ]: [libinput] event6  - gesture: [1fg] event GESTURE_STATE_NONE → GESTURE_EVENT_FINGER_DETECTED → GESTURE_STATE_UNKNOWN
DEBUG from aquamarine ]: [libinput] event6  - gesture: [1fg] state GESTURE_STATE_NONE → GESTURE_STATE_UNKNOWN
DEBUG from aquamarine ]: [libinput] event6  - gesture: [1fg] event GESTURE_STATE_UNKNOWN → GESTURE_EVENT_HOLD_TIMEOUT → GESTURE_STATE_HOLD
DEBUG from aquamarine ]: [libinput] event6  - tap: touch 0 (TOUCH_UPDATE), tap state TAP_STATE_TOUCH → TAP_EVENT_MOTION → TAP_STATE_DEAD
DEBUG from aquamarine ]: [libinput] event6  - gesture: [1fg] event GESTURE_STATE_HOLD → GESTURE_EVENT_CANCEL → GESTURE_STATE_NONE
DEBUG from aquamarine ]: [libinput] event6  - gesture: [1fg] event GESTURE_STATE_HOLD → GESTURE_EVENT_POINTER_MOTION_START → GESTURE_STATE_POINTER_MOTION
DEBUG from aquamarine ]: [libinput] event6  - gesture: [1fg] state GESTURE_STATE_HOLD → GESTURE_STATE_POINTER_MOTION
DEBUG from aquamarine ]: [libinput] event6  - button state: touch 0 from BUTTON_STATE_AREA    event BUTTON_EVENT_UP          to BUTTON_STATE_NONE   
DEBUG from aquamarine ]: [libinput] event6  - gesture: [1fg] event GESTURE_STATE_POINTER_MOTION → GESTURE_EVENT_END → GESTURE_STATE_NONE
DEBUG from aquamarine ]: [libinput] event6  - tap: touch 0 (TOUCH_END), tap state TAP_STATE_DEAD → TAP_EVENT_RELEASE → TAP_STATE_IDLE
DEBUG from aquamarine ]: [libinput] event6  - button state: touch 0 from BUTTON_STATE_NONE    event BUTTON_EVENT_IN_AREA     to BUTTON_STATE_AREA   
DEBUG from aquamarine ]: [libinput] event6  - tap: touch 0 (TOUCH_BEGIN), tap state TAP_STATE_IDLE → TAP_EVENT_TOUCH → TAP_STATE_TOUCH
DEBUG from aquamarine ]: [libinput] event6  - gesture: [1fg] event GESTURE_STATE_NONE → GESTURE_EVENT_FINGER_DETECTED → GESTURE_STATE_UNKNOWN
DEBUG from aquamarine ]: [libinput] event6  - gesture: [1fg] state GESTURE_STATE_NONE → GESTURE_STATE_UNKNOWN
DEBUG from aquamarine ]: [libinput] event6  - gesture: [1fg] event GESTURE_STATE_UNKNOWN → GESTURE_EVENT_HOLD_TIMEOUT → GESTURE_STATE_HOLD
DEBUG from aquamarine ]: [libinput] event6  - tap: touch 0 (TOUCH_UPDATE), tap state TAP_STATE_TOUCH → TAP_EVENT_MOTION → TAP_STATE_DEAD
DEBUG from aquamarine ]: [libinput] event6  - gesture: [1fg] event GESTURE_STATE_HOLD → GESTURE_EVENT_CANCEL → GESTURE_STATE_NONE
DEBUG from aquamarine ]: [libinput] event6  - gesture: [1fg] event GESTURE_STATE_HOLD → GESTURE_EVENT_POINTER_MOTION_START → GESTURE_STATE_POINTER_MOTION
DEBUG from aquamarine ]: [libinput] event6  - gesture: [1fg] state GESTURE_STATE_HOLD → GESTURE_STATE_POINTER_MOTION
DEBUG from aquamarine ]: drm: Cursor buffer imported into KMS with id 507
DEBUG from aquamarine ]: drm: Cursor buffer imported into KMS with id 516
DEBUG from aquamarine ]: drm: Cursor buffer imported into KMS with id 507
DEBUG from aquamarine ]: [libinput] event6  - button state: touch 0 from BUTTON_STATE_AREA    event BUTTON_EVENT_UP          to BUTTON_STATE_NONE   
DEBUG from aquamarine ]: [libinput] event6  - gesture: [1fg] event GESTURE_STATE_POINTER_MOTION → GESTURE_EVENT_END → GESTURE_STATE_NONE
DEBUG from aquamarine ]: [libinput] event6  - tap: touch 0 (TOUCH_END), tap state TAP_STATE_DEAD → TAP_EVENT_RELEASE → TAP_STATE_IDLE
DEBUG from aquamarine ]: [libinput] event6  - button state: touch 0 from BUTTON_STATE_NONE    event BUTTON_EVENT_IN_AREA     to BUTTON_STATE_AREA   
DEBUG from aquamarine ]: [libinput] event6  - tap: touch 0 (TOUCH_BEGIN), tap state TAP_STATE_IDLE → TAP_EVENT_TOUCH → TAP_STATE_TOUCH
DEBUG from aquamarine ]: [libinput] event6  - gesture: [1fg] event GESTURE_STATE_NONE → GESTURE_EVENT_FINGER_DETECTED → GESTURE_STATE_UNKNOWN
DEBUG from aquamarine ]: [libinput] event6  - gesture: [1fg] state GESTURE_STATE_NONE → GESTURE_STATE_UNKNOWN
DEBUG from aquamarine ]: [libinput] event6  - gesture: [1fg] event GESTURE_STATE_UNKNOWN → GESTURE_EVENT_HOLD_TIMEOUT → GESTURE_STATE_HOLD
DEBUG from aquamarine ]: [libinput] event6  - button state: touch 0 from BUTTON_STATE_AREA    event BUTTON_EVENT_UP          to BUTTON_STATE_NONE   
DEBUG from aquamarine ]: [libinput] event6  - gesture: [1fg] event GESTURE_STATE_HOLD → GESTURE_EVENT_END → GESTURE_STATE_NONE
DEBUG from aquamarine ]: [libinput] event6  - tap: touch 0 (TOUCH_END), tap state TAP_STATE_TOUCH → TAP_EVENT_RELEASE → TAP_STATE_1FGTAP_TAPPED
DEBUG from aquamarine ]: [libinput] event6  - tap: touch -1 (), tap state TAP_STATE_1FGTAP_TAPPED → TAP_EVENT_TIMEOUT → TAP_STATE_IDLE
DEBUG from aquamarine ]: [libinput] event6  - button state: touch 0 from BUTTON_STATE_NONE    event BUTTON_EVENT_IN_AREA     to BUTTON_STATE_AREA   
DEBUG from aquamarine ]: [libinput] event6  - tap: touch 0 (TOUCH_BEGIN), tap state TAP_STATE_IDLE → TAP_EVENT_TOUCH → TAP_STATE_TOUCH
DEBUG from aquamarine ]: [libinput] event6  - gesture: [1fg] event GESTURE_STATE_NONE → GESTURE_EVENT_FINGER_DETECTED → GESTURE_STATE_UNKNOWN
DEBUG from aquamarine ]: [libinput] event6  - gesture: [1fg] state GESTURE_STATE_NONE → GESTURE_STATE_UNKNOWN
DEBUG from aquamarine ]: [libinput] event6  - gesture: [1fg] event GESTURE_STATE_UNKNOWN → GESTURE_EVENT_HOLD_TIMEOUT → GESTURE_STATE_HOLD
DEBUG from aquamarine ]: [libinput] event6  - gesture: [1fg] event GESTURE_STATE_HOLD → GESTURE_EVENT_END → GESTURE_STATE_NONE
DEBUG from aquamarine ]: [libinput] event6  - tap: touch -1 (), tap state TAP_STATE_TOUCH → TAP_EVENT_BUTTON → TAP_STATE_DEAD
DEBUG from aquamarine ]: [libinput] event6  - button state: touch 0 from BUTTON_STATE_AREA    event BUTTON_EVENT_UP          to BUTTON_STATE_NONE   
DEBUG from aquamarine ]: [libinput] event6  - tap: touch 0 (TOUCH_END), tap state TAP_STATE_DEAD → TAP_EVENT_RELEASE → TAP_STATE_IDLE
DEBUG from aquamarine ]: [libinput] event6  - button state: touch 0 from BUTTON_STATE_NONE    event BUTTON_EVENT_IN_AREA     to BUTTON_STATE_AREA   
DEBUG from aquamarine ]: [libinput] event6  - tap: touch 0 (TOUCH_BEGIN), tap state TAP_STATE_IDLE → TAP_EVENT_TOUCH → TAP_STATE_TOUCH
DEBUG from aquamarine ]: [libinput] event6  - gesture: [1fg] event GESTURE_STATE_NONE → GESTURE_EVENT_FINGER_DETECTED → GESTURE_STATE_UNKNOWN
DEBUG from aquamarine ]: [libinput] event6  - gesture: [1fg] state GESTURE_STATE_NONE → GESTURE_STATE_UNKNOWN
DEBUG from aquamarine ]: [libinput] event6  - gesture: [1fg] event GESTURE_STATE_UNKNOWN → GESTURE_EVENT_HOLD_TIMEOUT → GESTURE_STATE_HOLD
DEBUG from aquamarine ]: [libinput] event6  - tap: touch 0 (TOUCH_UPDATE), tap state TAP_STATE_TOUCH → TAP_EVENT_MOTION → TAP_STATE_DEAD
DEBUG from aquamarine ]: [libinput] event6  - gesture: [1fg] event GESTURE_STATE_HOLD → GESTURE_EVENT_CANCEL → GESTURE_STATE_NONE
DEBUG from aquamarine ]: [libinput] event6  - gesture: [1fg] event GESTURE_STATE_HOLD → GESTURE_EVENT_POINTER_MOTION_START → GESTURE_STATE_POINTER_MOTION
DEBUG from aquamarine ]: [libinput] event6  - gesture: [1fg] state GESTURE_STATE_HOLD → GESTURE_STATE_POINTER_MOTION
DEBUG from aquamarine ]: drm: Cursor buffer imported into KMS with id 516
DEBUG from aquamarine ]: [libinput] event6  - button state: touch 0 from BUTTON_STATE_AREA    event BUTTON_EVENT_UP          to BUTTON_STATE_NONE   
DEBUG from aquamarine ]: [libinput] event6  - gesture: [1fg] event GESTURE_STATE_POINTER_MOTION → GESTURE_EVENT_END → GESTURE_STATE_NONE
DEBUG from aquamarine ]: [libinput] event6  - tap: touch 0 (TOUCH_END), tap state TAP_STATE_DEAD → TAP_EVENT_RELEASE → TAP_STATE_IDLE
DEBUG from aquamarine ]: [libinput] event6  - button state: touch 0 from BUTTON_STATE_NONE    event BUTTON_EVENT_IN_AREA     to BUTTON_STATE_AREA   
DEBUG from aquamarine ]: [libinput] event6  - tap: touch 0 (TOUCH_BEGIN), tap state TAP_STATE_IDLE → TAP_EVENT_TOUCH → TAP_STATE_TOUCH
DEBUG from aquamarine ]: [libinput] event6  - gesture: [1fg] event GESTURE_STATE_NONE → GESTURE_EVENT_FINGER_DETECTED → GESTURE_STATE_UNKNOWN
DEBUG from aquamarine ]: [libinput] event6  - gesture: [1fg] state GESTURE_STATE_NONE → GESTURE_STATE_UNKNOWN
DEBUG from aquamarine ]: [libinput] event6  - gesture: [1fg] event GESTURE_STATE_UNKNOWN → GESTURE_EVENT_HOLD_TIMEOUT → GESTURE_STATE_HOLD
DEBUG from aquamarine ]: [libinput] event6  - tap: touch 0 (TOUCH_UPDATE), tap state TAP_STATE_TOUCH → TAP_EVENT_MOTION → TAP_STATE_DEAD
DEBUG from aquamarine ]: [libinput] event6  - gesture: [1fg] event GESTURE_STATE_HOLD → GESTURE_EVENT_CANCEL → GESTURE_STATE_NONE
DEBUG from aquamarine ]: [libinput] event6  - gesture: [1fg] event GESTURE_STATE_HOLD → GESTURE_EVENT_POINTER_MOTION_START → GESTURE_STATE_POINTER_MOTION
DEBUG from aquamarine ]: [libinput] event6  - gesture: [1fg] state GESTURE_STATE_HOLD → GESTURE_STATE_POINTER_MOTION
DEBUG from aquamarine ]: [libinput] event6  - button state: touch 0 from BUTTON_STATE_AREA    event BUTTON_EVENT_UP          to BUTTON_STATE_NONE   
DEBUG from aquamarine ]: [libinput] event6  - gesture: [1fg] event GESTURE_STATE_POINTER_MOTION → GESTURE_EVENT_END → GESTURE_STATE_NONE
DEBUG from aquamarine ]: [libinput] event6  - tap: touch 0 (TOUCH_END), tap state TAP_STATE_DEAD → TAP_EVENT_RELEASE → TAP_STATE_IDLE
DEBUG from aquamarine ]: [libinput] event6  - button state: touch 0 from BUTTON_STATE_NONE    event BUTTON_EVENT_IN_AREA     to BUTTON_STATE_AREA   
DEBUG from aquamarine ]: [libinput] event6  - tap: touch 0 (TOUCH_BEGIN), tap state TAP_STATE_IDLE → TAP_EVENT_TOUCH → TAP_STATE_TOUCH
DEBUG from aquamarine ]: [libinput] event6  - gesture: [1fg] event GESTURE_STATE_NONE → GESTURE_EVENT_FINGER_DETECTED → GESTURE_STATE_UNKNOWN
DEBUG from aquamarine ]: [libinput] event6  - gesture: [1fg] state GESTURE_STATE_NONE → GESTURE_STATE_UNKNOWN
DEBUG from aquamarine ]: [libinput] event6  - gesture: [1fg] event GESTURE_STATE_UNKNOWN → GESTURE_EVENT_HOLD_TIMEOUT → GESTURE_STATE_HOLD
DEBUG from aquamarine ]: [libinput] event6  - tap: touch 0 (TOUCH_UPDATE), tap state TAP_STATE_TOUCH → TAP_EVENT_MOTION → TAP_STATE_DEAD
DEBUG from aquamarine ]: [libinput] event6  - gesture: [1fg] event GESTURE_STATE_HOLD → GESTURE_EVENT_CANCEL → GESTURE_STATE_NONE
DEBUG from aquamarine ]: [libinput] event6  - gesture: [1fg] event GESTURE_STATE_HOLD → GESTURE_EVENT_POINTER_MOTION_START → GESTURE_STATE_POINTER_MOTION
DEBUG from aquamarine ]: [libinput] event6  - gesture: [1fg] state GESTURE_STATE_HOLD → GESTURE_STATE_POINTER_MOTION
DEBUG from aquamarine ]: [libinput] event6  - button state: touch 0 from BUTTON_STATE_AREA    event BUTTON_EVENT_UP          to BUTTON_STATE_NONE   
DEBUG from aquamarine ]: [libinput] event6  - gesture: [1fg] event GESTURE_STATE_POINTER_MOTION → GESTURE_EVENT_END → GESTURE_STATE_NONE
DEBUG from aquamarine ]: [libinput] event6  - tap: touch 0 (TOUCH_END), tap state TAP_STATE_DEAD → TAP_EVENT_RELEASE → TAP_STATE_IDLE
DEBUG from aquamarine ]: [libinput] event6  - button state: touch 0 from BUTTON_STATE_NONE    event BUTTON_EVENT_IN_AREA     to BUTTON_STATE_AREA   
DEBUG from aquamarine ]: [libinput] event6  - tap: touch 0 (TOUCH_BEGIN), tap state TAP_STATE_IDLE → TAP_EVENT_TOUCH → TAP_STATE_TOUCH
DEBUG from aquamarine ]: [libinput] event6  - gesture: [1fg] event GESTURE_STATE_NONE → GESTURE_EVENT_FINGER_DETECTED → GESTURE_STATE_UNKNOWN
DEBUG from aquamarine ]: [libinput] event6  - gesture: [1fg] state GESTURE_STATE_NONE → GESTURE_STATE_UNKNOWN
DEBUG from aquamarine ]: [libinput] event6  - gesture: [1fg] event GESTURE_STATE_UNKNOWN → GESTURE_EVENT_HOLD_TIMEOUT → GESTURE_STATE_HOLD
DEBUG from aquamarine ]: [libinput] event6  - tap: touch 0 (TOUCH_UPDATE), tap state TAP_STATE_TOUCH → TAP_EVENT_MOTION → TAP_STATE_DEAD
DEBUG from aquamarine ]: [libinput] event6  - gesture: [1fg] event GESTURE_STATE_HOLD → GESTURE_EVENT_CANCEL → GESTURE_STATE_NONE
DEBUG from aquamarine ]: [libinput] event6  - gesture: [1fg] event GESTURE_STATE_HOLD → GESTURE_EVENT_POINTER_MOTION_START → GESTURE_STATE_POINTER_MOTION
DEBUG from aquamarine ]: [libinput] event6  - gesture: [1fg] state GESTURE_STATE_HOLD → GESTURE_STATE_POINTER_MOTION
DEBUG from aquamarine ]: [libinput] event6  - button state: touch 0 from BUTTON_STATE_AREA    event BUTTON_EVENT_UP          to BUTTON_STATE_NONE   
DEBUG from aquamarine ]: [libinput] event6  - gesture: [1fg] event GESTURE_STATE_POINTER_MOTION → GESTURE_EVENT_END → GESTURE_STATE_NONE
DEBUG from aquamarine ]: [libinput] event6  - tap: touch 0 (TOUCH_END), tap state TAP_STATE_DEAD → TAP_EVENT_RELEASE → TAP_STATE_IDLE
